// Jest Snapshot v1, https://goo.gl/fbAQLP

exports[`Box should render properly 1`] = `
<div
  className="css-19kzrtu"
/>
`;
